// Jest Snapshot v1, https://goo.gl/fbAQLP

exports[`Counter component should render correctly 1`] = `
<div>
  <p>
    You clicked 
    0
     times
  </p>
  <button
    onClick={[Function]}
  >
    Click me
  </button>
</div>
`;
