// Jest Snapshot v1, https://goo.gl/fbAQLP

exports[`LoadingSpinner component should render correctly 1`] = `
<div
  className="test-class"
>
  ...loading
</div>
`;
